This is ninjastorms OS
  shuriken ready
                 /\
                /  \
                |  |
              __/()\__
             /   /\   \
            /___/  \___\

